Microchip MPLAB XC8 Compiler V2.32

Linker command line:

-W-3 --edf=C:\Program Files\Microchip\xc8\v2.32\pic\dat\en_msgs.txt -cn \
  -h+dist/default/production\Neopixels.X.production.sym \
  --cmf=dist/default/production\Neopixels.X.production.cmf -z -Q16F1459 \
  -oC:\Users\PARKJ8~1\AppData\Local\Temp\xcAs3so.4 --defsym=__MPLAB_BUILD=1 \
  -Mdist/default/production/Neopixels.X.production.map -E1 \
  -ver=XC8 Compiler --acfsm=1493 -ASTACK=020CDh-023EFh -pstack=STACK \
  -ACODE=0800h-0FFFhx3 -ASTRCODE=0800h-01FFFh -ASTRING=0800h-08FFhx24 \
  -ACONST=0800h-08FFhx24 -AENTRY=0800h-08FFhx24 -ACOMMON=070h-07Fh \
  -ABANK0=020h-06Fh -ABANK1=0A0h-0EFh -ABANK2=0120h-016Fh \
  -ABANK3=01A0h-01EFh -ABANK4=0220h-026Fh -ABANK5=02A0h-02EFh \
  -ABANK6=0320h-036Fh -ABANK7=03A0h-03EFh -ABANK8=0420h-046Fh \
  -ABANK9=04A0h-04EFh -ABANK10=0520h-056Fh -ABANK11=05A0h-05EFh \
  -ABANK12=0620h-064Fh -ABIGRAM=02000h-023EFh \
  -ARAM=020h-06Fh,0A0h-0EFh,0120h-016Fh,01A0h-01EFh,0220h-026Fh,02A0h-02EFh,0320h-036Fh,03A0h-03EFh,0420h-046Fh,04A0h-04EFh,0520h-056Fh,05A0h-05EFh,0620h-064Fh \
  -AABS1=020h-07Fh,0A0h-0EFh,0120h-016Fh,01A0h-01EFh,0220h-026Fh,02A0h-02EFh,0320h-036Fh,03A0h-03EFh,0420h-046Fh,04A0h-04EFh,0520h-056Fh,05A0h-05EFh,0620h-064Fh \
  -ASFR0=00h-01Fh -ASFR1=080h-09Fh -ASFR2=0100h-011Fh -ASFR3=0180h-019Fh \
  -ASFR4=0200h-021Fh -ASFR5=0280h-029Fh -ASFR6=0300h-031Fh \
  -ASFR7=0380h-039Fh -ASFR8=0400h-041Fh -ASFR9=0480h-049Fh \
  -ASFR10=0500h-051Fh -ASFR11=0580h-059Fh -ASFR12=0600h-061Fh \
  -ASFR13=0680h-06EFh -ASFR14=0700h-076Fh -ASFR15=0780h-07EFh \
  -ASFR16=0800h-086Fh -ASFR17=0880h-08EFh -ASFR18=0900h-096Fh \
  -ASFR19=0980h-09EFh -ASFR20=0A00h-0A6Fh -ASFR21=0A80h-0AEFh \
  -ASFR22=0B00h-0B6Fh -ASFR23=0B80h-0BEFh -ASFR24=0C00h-0C6Fh \
  -ASFR25=0C80h-0CEFh -ASFR26=0D00h-0D6Fh -ASFR27=0D80h-0DEFh \
  -ASFR28=0E00h-0E6Fh -ASFR29=0E80h-0EEFh -ASFR30=0F00h-0F6Fh \
  -ASFR31=0F80h-0FEFh -ACONFIG=08007h-08008h -DCONFIG=2 \
  -AIDLOC=08000h-08003h -DIDLOC=2 -DCODE=2 -DSTRCODE=2 -DSTRING=2 -DCONST=2 \
  -DENTRY=2 -preset_vec=0800h,intentry,init,end_init -ppowerup=CODE \
  -pcinit=CODE -pfunctab=ENTRY -k \
  C:\Users\PARKJ8~1\AppData\Local\Temp\xcAs3so.o \
  dist/default/production\Neopixels.X.production.o 

Object code version is 3.11

Machine type is 16F1459



                Name                               Link     Load   Length Selector   Space Scale
C:\Users\PARKJ8~1\AppData\Local\Temp\xcAs3so.o
                end_init                            804      804        2     1000       0
                init                                803      803        1     1000       0
                reset_vec                           800      800        3     1000       0
dist/default/production\Neopixels.X.production.o
                cinit                               FFD      FFD        3     1FFA       0
                text8                               D32      D32        C     1A64       0
                text7                               D6C      D6C       1F     1AD8       0
                text6                               E2D      E2D       5F     1C5A       0
                text5                               D3E      D3E       15     1A7C       0
                text4                               D8B      D8B       1F     1B16       0
                text3                               E8C      E8C      171     1D18       0
                text2                               D53      D53       19     1AA6       0
                text1                               DAA      DAA       2A     1B54       0
                maintext                            DD4      DD4       59     1BA8       0
                cstackBANK0                          20       20       46       20       1
                cstackCOMMON                         70       70        E       70       1
                cstackBANK1                          A0       A0       2D       A0       1
                cstackBANK2                         120      120       2D      120       1

TOTAL           Name                               Link     Load   Length     Space
        CLASS   STACK          

        CLASS   CODE           
                end_init                            804      804        2         0
                cinit                               FFD      FFD        3         0
                init                                803      803        1         0
                reset_vec                           800      800        3         0
                text8                               D32      D32        C         0
                text7                               D6C      D6C       1F         0
                text6                               E2D      E2D       5F         0
                text5                               D3E      D3E       15         0
                text4                               D8B      D8B       1F         0
                text3                               E8C      E8C      171         0
                text2                               D53      D53       19         0
                text1                               DAA      DAA       2A         0
                maintext                            DD4      DD4       59         0

        CLASS   STRCODE        

        CLASS   STRING         

        CLASS   CONST          

        CLASS   ENTRY          

        CLASS   COMMON         
                cstackCOMMON                         70       70        E         1

        CLASS   BANK0          
                cstackBANK0                          20       20       46         1

        CLASS   BANK1          
                cstackBANK1                          A0       A0       2D         1

        CLASS   BANK2          
                cstackBANK2                         120      120       2D         1

        CLASS   BANK3          

        CLASS   BANK4          

        CLASS   BANK5          

        CLASS   BANK6          

        CLASS   BANK7          

        CLASS   BANK8          

        CLASS   BANK9          

        CLASS   BANK10         

        CLASS   BANK11         

        CLASS   BANK12         

        CLASS   BIGRAM         

        CLASS   RAM            

        CLASS   ABS1           
                abs_s1                               7E       7E        2         1

        CLASS   SFR0           

        CLASS   SFR1           

        CLASS   SFR2           

        CLASS   SFR3           

        CLASS   SFR4           

        CLASS   SFR5           

        CLASS   SFR6           

        CLASS   SFR7           

        CLASS   SFR8           

        CLASS   SFR9           

        CLASS   SFR10          

        CLASS   SFR11          

        CLASS   SFR12          

        CLASS   SFR13          

        CLASS   SFR14          

        CLASS   SFR15          

        CLASS   SFR16          

        CLASS   SFR17          

        CLASS   SFR18          

        CLASS   SFR19          

        CLASS   SFR20          

        CLASS   SFR21          

        CLASS   SFR22          

        CLASS   SFR23          

        CLASS   SFR24          

        CLASS   SFR25          

        CLASS   SFR26          

        CLASS   SFR27          

        CLASS   SFR28          

        CLASS   SFR29          

        CLASS   SFR30          

        CLASS   SFR31          

        CLASS   CONFIG         

        CLASS   IDLOC          

        CLASS   BANK31         

        CLASS   BANK30         

        CLASS   BANK29         

        CLASS   BANK28         

        CLASS   BANK27         

        CLASS   BANK26         

        CLASS   BANK25         

        CLASS   BANK24         

        CLASS   BANK23         

        CLASS   BANK22         

        CLASS   BANK21         

        CLASS   BANK20         

        CLASS   BANK19         

        CLASS   BANK18         

        CLASS   BANK17         

        CLASS   BANK16         

        CLASS   BANK15         

        CLASS   BANK14         

        CLASS   BANK13         

        CLASS   EEDATA         



SEGMENTS        Name                           Load    Length   Top    Selector   Space  Class     Delta

                cstackBANK0                    000020  000046  000066        20       1  BANK0       1
                cstackCOMMON                   000070  00000E  00007E        70       1  COMMON      1
                cstackBANK1                    0000A0  00002D  0000CD        A0       1  BANK1       1
                cstackBANK2                    000120  00002D  00014D       120       1  BANK2       1
                reset_vec                      000800  000006  000806      1000       0  CODE        2
                text8                          000D32  00000C  000D3E      1A64       0  CODE        2
                text5                          000D3E  000015  000D53      1A7C       0  CODE        2
                text2                          000D53  000019  000D6C      1AA6       0  CODE        2
                text7                          000D6C  00001F  000D8B      1AD8       0  CODE        2
                text4                          000D8B  00001F  000DAA      1B16       0  CODE        2
                text1                          000DAA  00002A  000DD4      1B54       0  CODE        2
                maintext                       000DD4  000059  000E2D      1BA8       0  CODE        2
                text6                          000E2D  00005F  000E8C      1C5A       0  CODE        2
                text3                          000E8C  000171  000FFD      1D18       0  CODE        2
                cinit                          000FFD  000003  001000      1FFA       0  CODE        2


UNUSED ADDRESS RANGES

        Name                Unused          Largest block    Delta
        BANK0            0066-006F              A           1
        BANK1            00CD-00EF             23           1
        BANK10           0520-056F             50           1
        BANK11           05A0-05EF             50           1
        BANK12           0620-064F             30           1
        BANK2            014D-016F             23           1
        BANK3            01A0-01EF             50           1
        BANK4            0220-026F             50           1
        BANK5            02A0-02EF             50           1
        BANK6            0320-036F             50           1
        BANK7            03A0-03EF             50           1
        BANK8            0420-046F             50           1
        BANK9            04A0-04EF             50           1
        BIGRAM           2000-23EF            3F0           1
        CODE             0806-0D31            52C           2
                         1000-1FFF            800
        CONFIG           8007-8008              2           2
        CONST            0806-0D31            100           2
                         1000-1FFF            100
        ENTRY            0806-0D31            100           2
                         1000-1FFF            100
        IDLOC            8000-8003              4           2
        RAM              0066-006F              A           1
                         00CD-00EF             23
                         014D-016F             23
                         01A0-01EF             50
                         0220-026F             50
                         02A0-02EF             50
                         0320-036F             50
                         03A0-03EF             50
                         0420-046F             50
                         04A0-04EF             50
                         0520-056F             50
                         05A0-05EF             50
                         0620-064F             30
        SFR0             0000-001F             20           1
        SFR1             0080-009F             20           1
        SFR10            0500-051F             20           1
        SFR11            0580-059F             20           1
        SFR12            0600-061F             20           1
        SFR13            0680-06EF             70           1
        SFR14            0700-076F             70           1
        SFR15            0780-07EF             70           1
        SFR16            0800-086F             70           1
        SFR17            0880-08EF             70           1
        SFR18            0900-096F             70           1
        SFR19            0980-09EF             70           1
        SFR2             0100-011F             20           1
        SFR20            0A00-0A6F             70           1
        SFR21            0A80-0AEF             70           1
        SFR22            0B00-0B6F             70           1
        SFR23            0B80-0BEF             70           1
        SFR24            0C00-0C6F             70           1
        SFR25            0C80-0CEF             70           1
        SFR26            0D00-0D6F             70           1
        SFR27            0D80-0DEF             70           1
        SFR28            0E00-0E6F             70           1
        SFR29            0E80-0EEF             70           1
        SFR3             0180-019F             20           1
        SFR30            0F00-0F6F             70           1
        SFR31            0F80-0FEF             70           1
        SFR4             0200-021F             20           1
        SFR5             0280-029F             20           1
        SFR6             0300-031F             20           1
        SFR7             0380-039F             20           1
        SFR8             0400-041F             20           1
        SFR9             0480-049F             20           1
        STACK            20CD-23EF            323           1
        STRCODE          0806-0D31            52C           2
                         1000-1FFF           1000
        STRING           0806-0D31            100           2
                         1000-1FFF            100

                                  Symbol Table

?___awdiv                      cstackCOMMON 0070
?___wmul                       cstackCOMMON 0070
_ACTCON                        (abs)        039B
_ADCON0                        (abs)        009D
_ADCON1                        (abs)        009E
_ADCON2                        (abs)        009F
_ADON                          (abs)        04E8
_ADRESH                        (abs)        009C
_ANSELA                        (abs)        018C
_ANSELB                        (abs)        018D
_ANSELC                        (abs)        018E
_GO                            (abs)        04E9
_LATA                          (abs)        010C
_LATB                          (abs)        010D
_LATC                          (abs)        010E
_LATCbits                      (abs)        010E
_OPTION_REG                    (abs)        0095
_OSCCON                        (abs)        0099
_OSC_config                    text8        0D32
_PLLRDY                        (abs)        04D6
_PORTAbits                     (abs)        000C
_TRISA                         (abs)        008C
_TRISB                         (abs)        008D
_TRISC                         (abs)        008E
_TRISCbits                     (abs)        008E
_UBMP4_config                  text7        0D6C
_WPUA                          (abs)        020C
_WPUB                          (abs)        020D
__Habs1                        abs1         0000
__Hbank0                       bank0        0000
__Hbank1                       bank1        0000
__Hbank10                      bank10       0000
__Hbank11                      bank11       0000
__Hbank12                      bank12       0000
__Hbank13                      bank13       0000
__Hbank14                      bank14       0000
__Hbank15                      bank15       0000
__Hbank16                      bank16       0000
__Hbank17                      bank17       0000
__Hbank18                      bank18       0000
__Hbank19                      bank19       0000
__Hbank2                       bank2        0000
__Hbank20                      bank20       0000
__Hbank21                      bank21       0000
__Hbank22                      bank22       0000
__Hbank23                      bank23       0000
__Hbank24                      bank24       0000
__Hbank25                      bank25       0000
__Hbank26                      bank26       0000
__Hbank27                      bank27       0000
__Hbank28                      bank28       0000
__Hbank29                      bank29       0000
__Hbank3                       bank3        0000
__Hbank30                      bank30       0000
__Hbank31                      bank31       0000
__Hbank4                       bank4        0000
__Hbank5                       bank5        0000
__Hbank6                       bank6        0000
__Hbank7                       bank7        0000
__Hbank8                       bank8        0000
__Hbank9                       bank9        0000
__Hbigram                      bigram       0000
__Hcinit                       cinit        1000
__Hclrtext                     clrtext      0000
__Hcode                        code         0000
__Hcommon                      common       0000
__HcstackBANK0                 cstackBANK0  0000
__HcstackBANK1                 cstackBANK1  0000
__HcstackBANK2                 cstackBANK2  0000
__HcstackCOMMON                cstackCOMMON 0000
__Heeprom_data                 eeprom_data  0000
__Hend_init                    end_init     0806
__Hfunctab                     functab      0000
__Hinit                        init         0804
__Hintentry                    intentry     0803
__Hmaintext                    maintext     0000
__Hpowerup                     powerup      0000
__Hram                         ram          0000
__Hreset_vec                   reset_vec    0803
__Hsfr0                        sfr0         0000
__Hsfr1                        sfr1         0000
__Hsfr10                       sfr10        0000
__Hsfr11                       sfr11        0000
__Hsfr12                       sfr12        0000
__Hsfr13                       sfr13        0000
__Hsfr14                       sfr14        0000
__Hsfr15                       sfr15        0000
__Hsfr16                       sfr16        0000
__Hsfr17                       sfr17        0000
__Hsfr18                       sfr18        0000
__Hsfr19                       sfr19        0000
__Hsfr2                        sfr2         0000
__Hsfr20                       sfr20        0000
__Hsfr21                       sfr21        0000
__Hsfr22                       sfr22        0000
__Hsfr23                       sfr23        0000
__Hsfr24                       sfr24        0000
__Hsfr25                       sfr25        0000
__Hsfr26                       sfr26        0000
__Hsfr27                       sfr27        0000
__Hsfr28                       sfr28        0000
__Hsfr29                       sfr29        0000
__Hsfr3                        sfr3         0000
__Hsfr30                       sfr30        0000
__Hsfr31                       sfr31        0000
__Hsfr4                        sfr4         0000
__Hsfr5                        sfr5         0000
__Hsfr6                        sfr6         0000
__Hsfr7                        sfr7         0000
__Hsfr8                        sfr8         0000
__Hsfr9                        sfr9         0000
__Hspace_0                     (abs)        1000
__Hspace_1                     (abs)        014D
__Hspace_2                     (abs)        0000
__Hspace_3                     (abs)        0000
__Hstack                       stack        0000
__Hstrings                     strings      0000
__Htext                        text         0000
__Labs1                        abs1         0000
__Lbank0                       bank0        0000
__Lbank1                       bank1        0000
__Lbank10                      bank10       0000
__Lbank11                      bank11       0000
__Lbank12                      bank12       0000
__Lbank13                      bank13       0000
__Lbank14                      bank14       0000
__Lbank15                      bank15       0000
__Lbank16                      bank16       0000
__Lbank17                      bank17       0000
__Lbank18                      bank18       0000
__Lbank19                      bank19       0000
__Lbank2                       bank2        0000
__Lbank20                      bank20       0000
__Lbank21                      bank21       0000
__Lbank22                      bank22       0000
__Lbank23                      bank23       0000
__Lbank24                      bank24       0000
__Lbank25                      bank25       0000
__Lbank26                      bank26       0000
__Lbank27                      bank27       0000
__Lbank28                      bank28       0000
__Lbank29                      bank29       0000
__Lbank3                       bank3        0000
__Lbank30                      bank30       0000
__Lbank31                      bank31       0000
__Lbank4                       bank4        0000
__Lbank5                       bank5        0000
__Lbank6                       bank6        0000
__Lbank7                       bank7        0000
__Lbank8                       bank8        0000
__Lbank9                       bank9        0000
__Lbigram                      bigram       0000
__Lcinit                       cinit        0FFD
__Lclrtext                     clrtext      0000
__Lcode                        code         0000
__Lcommon                      common       0000
__LcstackBANK0                 cstackBANK0  0000
__LcstackBANK1                 cstackBANK1  0000
__LcstackBANK2                 cstackBANK2  0000
__LcstackCOMMON                cstackCOMMON 0000
__Leeprom_data                 eeprom_data  0000
__Lend_init                    end_init     0804
__Lfunctab                     functab      0000
__Linit                        init         0803
__Lintentry                    intentry     0803
__Lmaintext                    maintext     0000
__Lpowerup                     powerup      0000
__Lram                         ram          0000
__Lreset_vec                   reset_vec    0800
__Lsfr0                        sfr0         0000
__Lsfr1                        sfr1         0000
__Lsfr10                       sfr10        0000
__Lsfr11                       sfr11        0000
__Lsfr12                       sfr12        0000
__Lsfr13                       sfr13        0000
__Lsfr14                       sfr14        0000
__Lsfr15                       sfr15        0000
__Lsfr16                       sfr16        0000
__Lsfr17                       sfr17        0000
__Lsfr18                       sfr18        0000
__Lsfr19                       sfr19        0000
__Lsfr2                        sfr2         0000
__Lsfr20                       sfr20        0000
__Lsfr21                       sfr21        0000
__Lsfr22                       sfr22        0000
__Lsfr23                       sfr23        0000
__Lsfr24                       sfr24        0000
__Lsfr25                       sfr25        0000
__Lsfr26                       sfr26        0000
__Lsfr27                       sfr27        0000
__Lsfr28                       sfr28        0000
__Lsfr29                       sfr29        0000
__Lsfr3                        sfr3         0000
__Lsfr30                       sfr30        0000
__Lsfr31                       sfr31        0000
__Lsfr4                        sfr4         0000
__Lsfr5                        sfr5         0000
__Lsfr6                        sfr6         0000
__Lsfr7                        sfr7         0000
__Lsfr8                        sfr8         0000
__Lsfr9                        sfr9         0000
__Lspace_0                     (abs)        0000
__Lspace_1                     (abs)        0000
__Lspace_2                     (abs)        0000
__Lspace_3                     (abs)        0000
__Lstack                       stack        0000
__Lstrings                     strings      0000
__Ltext                        text         0000
__S0                           (abs)        1000
__S1                           (abs)        014D
__S2                           (abs)        0000
___awdiv                       text6        0E2D
___awdiv@counter               cstackCOMMON 0075
___awdiv@dividend              cstackCOMMON 0072
___awdiv@divisor               cstackCOMMON 0070
___awdiv@quotient              cstackCOMMON 0077
___awdiv@sign                  cstackCOMMON 0076
___bmul                        text5        0D3E
___bmul@multiplicand           cstackCOMMON 0070
___bmul@multiplier             cstackCOMMON 0073
___bmul@product                cstackCOMMON 0072
___int_sp                      stack        0000
___latbits                     (abs)        0002
___sp                          stack        0000
___stackhi                     (abs)        23EF
___stacklo                     (abs)        20CD
___wmul                        text4        0D8B
___wmul@multiplicand           cstackCOMMON 0072
___wmul@multiplier             cstackCOMMON 0070
___wmul@product                cstackCOMMON 0074
__end_of_OSC_config            text8        0D3E
__end_of_UBMP4_config          text7        0D8B
__end_of___awdiv               text6        0E8C
__end_of___bmul                text5        0D53
__end_of___wmul                text4        0DAA
__end_of__initialization       cinit        0FFD
__end_of_hsvtorgb              text3        0FFD
__end_of_main                  maintext     0E2D
__end_of_neopixel_colour_send  text2        0D6C
__end_of_neopixel_fill_a       text1        0DD4
__initialization               cinit        0FFD
__pcstackBANK0                 cstackBANK0  0020
__pcstackBANK1                 cstackBANK1  00A0
__pcstackBANK2                 cstackBANK2  0120
__pcstackCOMMON                cstackCOMMON 0070
__pmaintext                    maintext     0DD4
__ptext1                       text1        0DAA
__ptext2                       text2        0D53
__ptext3                       text3        0E8C
__ptext4                       text4        0D8B
__ptext5                       text5        0D3E
__ptext6                       text6        0E2D
__ptext7                       text7        0D6C
__ptext8                       text8        0D32
__size_of_OSC_config           (abs)        0000
__size_of_UBMP4_config         (abs)        0000
__size_of___awdiv              (abs)        0000
__size_of___bmul               (abs)        0000
__size_of___wmul               (abs)        0000
__size_of_hsvtorgb             (abs)        0000
__size_of_main                 (abs)        0000
__size_of_neopixel_colour_send (abs)        0000
__size_of_neopixel_fill_a      (abs)        0000
_hsvtorgb                      text3        0E8C
_hsvtorgb$653                  cstackBANK0  0028
_hsvtorgb$654                  cstackBANK0  0029
_main                          maintext     0DD4
_neopixel_colour_send          text2        0D53
_neopixel_fill_a               text1        0DAA
btemp                          (abs)        007E
end_of_initialization          cinit        0FFD
hsvtorgb@b                     cstackCOMMON 007A
hsvtorgb@fpart                 cstackBANK0  002C
hsvtorgb@g                     cstackCOMMON 0079
hsvtorgb@h                     cstackCOMMON 007B
hsvtorgb@p                     cstackBANK0  002F
hsvtorgb@q                     cstackBANK0  002D
hsvtorgb@r                     cstackBANK0  0030
hsvtorgb@region                cstackBANK0  002B
hsvtorgb@s                     cstackCOMMON 007C
hsvtorgb@t                     cstackBANK0  002E
hsvtorgb@v                     cstackCOMMON 007D
intlevel0                      functab      0000
intlevel1                      functab      0000
intlevel2                      functab      0000
intlevel3                      functab      0000
intlevel4                      functab      0000
intlevel5                      functab      0000
main@blues                     cstackBANK2  0120
main@greens                    cstackBANK1  00A0
main@i                         cstackBANK0  0065
main@reds                      cstackBANK0  0036
main@tick                      cstackBANK0  0063
neopixel_colour_send@bits      cstackCOMMON 0072
neopixel_colour_send@colour    cstackCOMMON 0071
neopixel_fill_a@blue           cstackCOMMON 0075
neopixel_fill_a@green          cstackCOMMON 0074
neopixel_fill_a@leds           cstackCOMMON 0077
neopixel_fill_a@red            cstackCOMMON 0073
reset_vec                      reset_vec    0800
start                          init         0803
start_initialization           cinit        0FFD
wtemp0                         (abs)        007E


MODULE INFORMATION

Module		Function		Class		Link	Load	Size
C:\Program Files\Microchip\xc8\v2.32\pic\sources\c99\common\awdiv.c
		___awdiv       		CODE           	0E2D	0000	95

C:\Program Files\Microchip\xc8\v2.32\pic\sources\c99\common\awdiv.c estimated size: 95

UBMP4.c
		_UBMP4_config  		CODE           	0D6C	0000	31
		_OSC_config    		CODE           	0D32	0000	12

UBMP4.c estimated size: 43

C:\Program Files\Microchip\xc8\v2.32\pic\sources\c99\common\Umul16.c
		___wmul        		CODE           	0D8B	0000	31

C:\Program Files\Microchip\xc8\v2.32\pic\sources\c99\common\Umul16.c estimated size: 31

shared
		__initialization		CODE           	0FFD	0000	1

shared estimated size: 1

C:\Program Files\Microchip\xc8\v2.32\pic\sources\c99\common\Umul8.c
		___bmul        		CODE           	0D3E	0000	21

C:\Program Files\Microchip\xc8\v2.32\pic\sources\c99\common\Umul8.c estimated size: 21

main.c
		_main          		CODE           	0DD4	0000	89
		_hsvtorgb      		CODE           	0E8C	0000	369

main.c estimated size: 458

Neopixel.c
		_neopixel_fill_a		CODE           	0DAA	0000	42
		_neopixel_colour_send		CODE           	0D53	0000	25

Neopixel.c estimated size: 67

